[latarairlines.onrender.com/index.html]
[backblue.gif]
[fade.gif]
[index.html]
[latarairlines.onrender.com/index.html]
[latarairlines.onrender.com/ofertas/index.html]
[latarairlines.onrender.com/ofertas/index.html]
[latarairlines.onrender.com/ofertas/indexx.html]
[latarairlines.onrender.com/ofertas/assets/favicon.png]
[latarairlines.onrender.com/ofertas/css/normalize.css]
[latarairlines.onrender.com/ofertas/css/utils.css]
[latarairlines.onrender.com/ofertas/css/main.css]
[latarairlines.onrender.com/ofertas/css/hotel-datepicker.css]
[latarairlines.onrender.com/ofertas/js/functions.js]
[latarairlines.onrender.com/ofertas/assets/media/info_icon.png]
[latarairlines.onrender.com/ofertas/assets/logos/LATAM_navbar.png]
[latarairlines.onrender.com/ofertas/assets/media/hamburger_a.png]
[latarairlines.onrender.com/ofertas/assets/media/left_gray_arrow.png]
[latarairlines.onrender.com/ofertas/assets/media/right_red_arrow.png]
[latarairlines.onrender.com/ofertas/assets/media/red_down_arrow.png]
[latarairlines.onrender.com/ofertas/assets/media/takeoff_icon.png]
[latarairlines.onrender.com/ofertas/assets/media/mappoint_icon.png]
[latarairlines.onrender.com/ofertas/assets/media/main_banner.png]
[latarairlines.onrender.com/ofertas/assets/media/index_menu_icon_1.png]
[latarairlines.onrender.com/ofertas/assets/media/gray_right_arrow.png]
[latarairlines.onrender.com/ofertas/assets/media/index_menu_icon_2.png]
[latarairlines.onrender.com/ofertas/assets/media/index_menu_icon_3.png]
[latarairlines.onrender.com/ofertas/assets/media/index_menu_icon_4.png]
[latarairlines.onrender.com/ofertas/assets/media/ltpass.png]
[latarairlines.onrender.com/ofertas/js/fecha.js]
[latarairlines.onrender.com/ofertas/js/hotel-datepicker.js]
[latarairlines.onrender.com/ofertas/indexx.html]
[latarairlines.onrender.com/ofertas/assets/favicon.html]
[latarairlines.onrender.com/ofertas/js/index.js]
[latarairlines.onrender.com/ofertas/assets/fonts/GLatam-Regular.ttf]
[latarairlines.onrender.com/ofertas/assets/fonts/GLatam-RegularItalic.ttf]
[latarairlines.onrender.com/ofertas/assets/fonts/GLatam-Light.ttf]
[latarairlines.onrender.com/ofertas/assets/fonts/GLatam-LightItalic.ttf]
[latarairlines.onrender.com/ofertas/assets/fonts/GLatam-Bold.ttf]
[latarairlines.onrender.com/ofertas/assets/fonts/GLatam-Bold-Italic.ttf]
[latarairlines.onrender.com/ofertas/css/normalize.css]
[latarairlines.onrender.com/ofertas/assets/media/date-icon.png]
[latarairlines.onrender.com/ofertas/css/utils.css]
[latarairlines.onrender.com/ofertas/assets/media/create_account_banner.png]
[latarairlines.onrender.com/ofertas/assets/media/Medellin_banner.jpg]
[latarairlines.onrender.com/ofertas/assets/media/Miami_banner.jpg]
[latarairlines.onrender.com/ofertas/assets/media/Madrid_banner.jpg]
[latarairlines.onrender.com/ofertas/assets/media/Lima_banner.jpg]
[latarairlines.onrender.com/ofertas/css/main.css]
[latarairlines.onrender.com/ofertas/assets/media/left.svg]
[latarairlines.onrender.com/ofertas/assets/media/right.svg]
[latarairlines.onrender.com/ofertas/css/hotel-datepicker.css]
[latarairlines.onrender.com/ofertas/assets/fonts/GLatam-RegularItalic.html]
[latarairlines.onrender.com/ofertas/assets/fonts/GLatam-Bold-Italic.html]
[latarairlines.onrender.com/ofertas/assets/media/left.html]
[latarairlines.onrender.com/ofertas/assets/media/right.html]
